#python -m doctest -v file.txt
>>> import dossier
>>> dossier.main()
>>> import officia
>>> import datetime
>>> officia.sans_accent("ABCDEFGHIJKLMNOPQRSTUVWXYZàâëêéèïîôöùüÿ")
'abcdefghijklmnopqrstuvwxyzaaeeeeiioouuy'
>>>
>>> officia.modification(['st','ste','bhx','bx','bse','bhse','bses','bhses','premier','1er','second','2eme','trois','troisieme'],'fr')
['saint', 'sainte', 'bienheureux', 'bienheureux', 'bienheureuse', 'bienheureuse', 'bienheureuses', 'bienheureuses', '1', '1', '2', '2', '3', '3']

>>> officia.modification(['3eme','quatre','quatrieme','4eme','cinq','cinquieme','5eme','sixieme','six','6eme'],'fr')
['3', '4', '4', '4', '5', '5', '5', '6', '6', '6']

>>> officia.modification(['septieme','7','7eme','7ieme','huit','huitieme','8','8eme','8ieme'],'fr')
['7', '7', '7', '7', '8', '8', '8', '8', '8']

>>> officia.AtoZ(True,False,False,datetime.date(1990,1,1))
(datetime.date(1990, 1, 1), datetime.date(1990, 1, 7))
>>> officia.AtoZ(False,True,False,datetime.date(1990,1,1))
(datetime.date(1990, 1, 1), datetime.date(1990, 1, 31))
>>> officia.AtoZ(False,False,True,datetime.date(1990,1,1))
(datetime.date(1990, 1, 1), datetime.date(1990, 12, 31))
>>> officia.AtoZ(False,False,False,datetime.date(1990,1,1))
(datetime.date(1990, 1, 1), datetime.date(1990, 1, 1))

>>> for i in range(13):
...     officia.mois_lettre(i,langue='fr')
... 
'décembre'
'janvier'
'février'
'mars'
'avril'
'mai'
'juin'
'juillet'
'août'
'septembre'
'octobre'
'novembre'
'décembre'
>>> for a in ('jan','janvier','fevrier','fev','mars','mar','avril','avr','mai','juin','juil','juillet','aou','aout','sep','septembre','oct','octobre','nov','novembre','dec','decembre'):
...     officia.mois_lettre(a,'fr')
... 
1
1
2
2
3
3
4
4
5
6
7
7
8
8
9
9
10
10
11
11
12
12

>>> class Test:
...     def temps_liturgique(self):
...             return self._temps_liturgique
>>> liste = []
>>> for time in ('nativite','epiphanie','avent','apres_epiphanie','septuagesime','careme','passion','paques','ascension','octave_pentecote','pentecote','ERROR'):
...     new = Test()
...     new._temps_liturgique = time
...     liste.append(new)
... 
>>> for item in liste:
...     officia.affiche_temps_liturgique(item,langue='fr')
... 
'temps de la Nativité (Temps de Noël)'
"temps de l'Épiphanie (Temps de Noël)"
"temps de l'Avent"
"temps per Annum après l'Épiphanie"
'temps de la Septuagésime'
'temps du Carême proprement dit (Temps du Carême)'
'temps de la Passion (Temps du Carême)'
'temps de Pâques (Temps Pascal)'
"temps de l'Ascension (Temps Pascal)"
'octave de la Pentecôte (Temps Pascal)'
'temps per Annum après la Pentecôte'
'erreur'

>>> for i in range(1,8):
...     officia.nom_jour(datetime.date(1990,1,i),'fr')
... 
'lundi'
'mardi'
'mercredi'
'jeudi'
'vendredi'
'samedi'
'dimanche'

>>> for i in range(1,8):
...     officia.affiche_jour(datetime.date(2015,1,i),'fr')
... 
'le jeudi premier janvier 2015'
'le vendredi 2 janvier 2015'
'le samedi 3 janvier 2015'
'le dimanche 4 janvier 2015'
'le lundi 5 janvier 2015'
'le mardi 6 janvier 2015'
'le mercredi 7 janvier 2015'

>>> officia.dimancheavant(datetime.date(2017,6,1))
datetime.date(2017, 5, 28)
>>> officia.dimancheavant(datetime.date(2017,6,4))
datetime.date(2017, 5, 28)
>>> officia.dimancheavant(datetime.date(2017,6,5))
datetime.date(2017, 6, 4)
>>> officia.dimancheapres(datetime.date(2017,6,1))
datetime.date(2017, 6, 4)
>>> officia.dimancheapres(datetime.date(2017,6,4))
datetime.date(2017, 6, 11)
>>> officia.dimancheapres(datetime.date(2017,6,5))
datetime.date(2017, 6, 11)

>>> officia.weekyear(2017)
53
>>> officia.weekyear(2016)
52
>>> officia.weekyear(2017,0)
(datetime.date(2017, 1, 1), datetime.date(2017, 1, 7))
>>> officia.weekyear(2017,1)
(datetime.date(2017, 1, 1), datetime.date(2017, 1, 7))
>>> officia.weekyear(2017,53)
(datetime.date(2017, 12, 31), datetime.date(2018, 1, 6))
>>> officia.weekyear(2016,0)
(datetime.date(2015, 12, 27), datetime.date(2016, 1, 2))
>>> officia.weekyear(2016,1)
(datetime.date(2016, 1, 3), datetime.date(2016, 1, 9))




